// Jest Snapshot v1, https://goo.gl/fbAQLP

exports[`renders correctly with given props 1`] = `
.emotion-0 {
  width: 100px;
  float: left;
  padding-left: 5px;
}

.emotion-1 {
  padding-left: 10px;
}

.emotion-2 {
  display: inline-block;
  vertical-align: middle;
  padding-top: 15px;
}

<div
  className="emotion-2"
>
  <form
    className="emotion-1"
  >
    <div
      className="emotion-0 form-group"
    >
      <input
        className="form-control"
        id={undefined}
        onChange={[Function]}
        placeholder="Enter Number"
        type="number"
        value={42}
      />
    </div>
  </form>
</div>
`;
