// Jest Snapshot v1, https://goo.gl/fbAQLP

exports[`MessageBox renders correctly with given props 1`] = `
.emotion-3 {
  margin-right: -8px;
}

.emotion-3.btn-toolbar .btn {
  margin-right: 8px;
  margin-left: 0px;
  float: right;
}

.emotion-0 {
  font-weight: bold;
  display: inline-block;
}

.emotion-1 {
  display: inline-block;
}

.emotion-2 .panel {
  margin-bottom: 15px;
}

.emotion-2 .panel .panel-heading {
  padding: 0 15px;
  color: #333;
  border-color: #ddd;
  overflow: auto;
  background-image: linear-gradient(to bottom,#f5f5f5 0,#e8e8e8 100%);
  background-repeat: repeat-x;
}

.emotion-2 .panel .panel-heading pre {
  white-space: pre-wrap;
}

.emotion-2 .panel .panel-body {
  padding: 0;
}

.emotion-2 .panel pre {
  border: none;
  margin: 0;
}

@media only screen and (min-width:750px) {
  .emotion-4 .modal-dialog {
    max-width: 750px;
    width: 100%;
  }
}

@media only screen and (max-width:750px) {
  .emotion-4 .modal-dialog {
    width: auto;
  }
}

.emotion-4 .modal-dialog {
  margin: 30px auto;
}

.emotion-4 .modal-content {
  overflow: auto;
  max-height: 92vh;
}

<div
  className="static-modal"
>
  <Modal
    animation={true}
    autoFocus={true}
    backdrop={true}
    bsClass="modal"
    className="emotion-4"
    dialogComponentClass={[Function]}
    enforceFocus={true}
    id="messageBoxModal"
    keyboard={true}
    manager={
      ModalManager {
        "add": [Function],
        "containers": Array [],
        "data": Array [],
        "handleContainerOverflow": true,
        "hideSiblingNodes": true,
        "isTopModal": [Function],
        "modals": Array [],
        "remove": [Function],
      }
    }
    onHide={[Function]}
    renderBackdrop={[Function]}
    restoreFocus={true}
    show={true}
  >
    <ModalHeader
      bsClass="modal-header"
      closeButton={false}
      closeLabel="Close"
    >
      <ModalTitle
        bsClass="modal-title"
        className="emotion-0"
        componentClass="h4"
      >
        Message Id:Â 
      </ModalTitle>
      <ModalTitle
        bsClass="modal-title"
        className="emotion-1"
        componentClass="h4"
      >
        test ID
      </ModalTitle>
    </ModalHeader>
    <ModalBody
      bsClass="modal-body"
      className="emotion-2"
      componentClass="div"
      id="messageBoxModalBody"
    >
      <CollapsiblePanel
        panelTitle="Pre-defined Properties"
      >
        <pre>
          <p
            key="forcePersistence"
          >
            forcePersistence: false
          </p>
          <p
            key="scheduledEnqueueTimeUtc"
          >
            scheduledEnqueueTimeUtc: 0001-01-01T00:00:00Z
          </p>
          <p
            key="sequenceNumber"
          >
            sequenceNumber: 45317471370415620
          </p>
          <p
            key="size"
          >
            size: 173
          </p>
          <p
            key="state"
          >
            state: Active
          </p>
          <p
            key="timeToLive"
          >
            timeToLive: 10675199.02:48:05.4775807
          </p>
        </pre>
      </CollapsiblePanel>
      <CollapsiblePanel
        panelTitle="User-defined Properties"
      >
        <pre>
          <p
            key="customProp1"
          >
            customProp1: forty-two
          </p>
          <p
            key="customProp2"
          >
            customProp2: 42
          </p>
        </pre>
      </CollapsiblePanel>
      <FormattingBox
        message="Hello world!"
      />
    </ModalBody>
    <ModalFooter
      bsClass="modal-footer"
      componentClass="div"
    >
      <ButtonToolbar
        bsClass="btn-toolbar"
        className="emotion-3"
      >
        <Button
          active={false}
          block={false}
          bsClass="btn"
          bsStyle="default"
          disabled={false}
          id="messageBoxClose"
        >
          Close
        </Button>
        <DeleteSingleMessageButton
          disabled={false}
          endpointName="test name"
          endpointType="queue"
          messageId="test ID"
          messageType="message"
          onDeletionEnd={[Function]}
          onDeletionStart={[Function]}
          uniqueId="1a"
        />
        <CopyTextButton
          disabled={false}
          id="messageBoxCopy"
          text="Hello world!"
        />
        <DownloadMessagesFileButton
          disabled={false}
          downloadButtonText="Download"
          fileName="message_test ID"
          getMessages={[Function]}
          id="messageBoxDownloadMessageButton"
        />
        <Button
          active={false}
          block={false}
          bsClass="btn"
          bsStyle="default"
          disabled={false}
          id="messageBoxReplayMessage"
          onClick={[Function]}
        >
          Replay Message to test name
        </Button>
      </ButtonToolbar>
    </ModalFooter>
  </Modal>
</div>
`;
