// Jest Snapshot v1, https://goo.gl/fbAQLP

exports[`renders correctly with given props 1`] = `
.emotion-1 {
  text-align: left;
  padding-left: 15px;
}

.emotion-0 {
  padding-left: 5px;
}

<div>
  <p
    className="emotion-1"
  >
    bool data
    <span
      className="emotion-0 glyphicon glyphicon-info-sign"
      onBlur={[Function]}
      onClick={null}
      onFocus={[Function]}
      onMouseOut={[Function]}
      onMouseOver={[Function]}
    />
  </p>
  <div
    className="emotion-1 checkbox"
    style={undefined}
  >
    <label
      title=""
    >
      <input
        checked={true}
        disabled={false}
        onChange={[Function]}
        type="checkbox"
      />
    </label>
  </div>
</div>
`;
