// Jest Snapshot v1, https://goo.gl/fbAQLP

exports[`MessageBox renders correctly with given props 1`] = `
<div
  className="static-modal"
/>
`;
