// Jest Snapshot v1, https://goo.gl/fbAQLP

exports[`renders correctly with given props 1`] = `
.emotion-3 {
  width: 14%;
  float: left;
  padding-left: 5px;
}

.emotion-12 {
  padding-left: 10px;
}

.emotion-2 {
  font-weight: normal;
}

.emotion-1 {
  text-align: left;
  padding-left: 15px;
}

.emotion-0 {
  padding-left: 5px;
}

<div>
  <p
    className="emotion-1"
  >
    time span data
    <span
      className="emotion-0 glyphicon glyphicon-info-sign"
      onBlur={[Function]}
      onClick={null}
      onFocus={[Function]}
      onMouseOut={[Function]}
      onMouseOver={[Function]}
    />
  </p>
  <form
    className="emotion-12"
  >
    <div
      className="emotion-3 form-group"
    >
      <label
        className="emotion-2 control-label"
        htmlFor={undefined}
      >
        Days
      </label>
      <input
        className="form-control"
        id={undefined}
        onChange={[Function]}
        placeholder="Enter Days"
        type="number"
        value={30}
      />
    </div>
    <div
      className="emotion-3 form-group"
    >
      <label
        className="emotion-2 control-label"
        htmlFor={undefined}
      >
        Hours
      </label>
      <input
        className="form-control"
        id={undefined}
        onChange={[Function]}
        placeholder="Enter Hours"
        type="number"
        value={12}
      />
    </div>
    <div
      className="emotion-3 form-group"
    >
      <label
        className="emotion-2 control-label"
        htmlFor={undefined}
      >
        Minutes
      </label>
      <input
        className="form-control"
        id={undefined}
        onChange={[Function]}
        placeholder="Enter Minutes"
        type="number"
        value={45}
      />
    </div>
    <div
      className="emotion-3 form-group"
    >
      <label
        className="emotion-2 control-label"
        htmlFor={undefined}
      >
        Seconds
      </label>
      <input
        className="form-control"
        id={undefined}
        onChange={[Function]}
        placeholder="Enter Seconds"
        type="number"
        value={5}
      />
    </div>
    <div
      className="emotion-3 form-group"
    >
      <label
        className="emotion-2 control-label"
        htmlFor={undefined}
      >
        Milliseconds
      </label>
      <input
        className="form-control"
        id={undefined}
        onChange={[Function]}
        placeholder="Enter Milliseconds"
        type="number"
        value={0}
      />
    </div>
  </form>
</div>
`;
